[fidelity IC]     base recon SR=1.8196 (exp 1.8196) PORT_t=5.4658 (exp 5.4658) IR=1.2421 (exp 1.2421) MDD=0.2340 (exp 0.234)
[fidelity regdir] base recon SR=1.7741 (exp 1.7741) PORT_t=5.1902 (exp 5.1902) IR=1.2083 (exp 1.2083) MDD=0.2263 (exp 0.2263)

===== c5_regime AUTHORITATIVE (IC) recon-vs-recon marginal =====
candidate:  SR=1.8950 MDD=0.2128 calmar=2.0316 PORT_t=5.3082 IR=1.1934 oos=0.4300
baseline:   SR=1.8196 MDD=0.2340 calmar=1.8021 PORT_t=5.4658 IR=1.2421 oos=0.4510
MARGINAL:   d_sr=+0.0754 d_mdd=-0.0212 d_calmar=+0.2295 d_port_t=-0.1576 d_ir=-0.0488
[robustness regdir] d_sr=+0.0784 d_mdd=-0.0034 d_ir=+0.0206 d_port_t=+0.1478

[PAIRED-t monthly ret (cand-base, IC)] mean=+0.00057 t=+0.823 p=0.4110 n=269 nonzero=124

[EPISODE ACTIVE MARGINAL (cand-base, IC)]
              episode active_base active_cand      d_active
               <char>       <num>       <num>         <num>
 1:        DD_2005-03 -0.01451208 -0.01451208  0.000000e+00
 2:  GFC_2008_2007-12 -0.03516484 -0.03516484  0.000000e+00
 3:  GFC_2008_2009-01  0.28289218  0.33220150  4.930932e-02
 4:         Euro_2011  0.43402119  0.43402115 -4.063486e-08
 5: China_Oil_2015_16  0.88986861  0.88986861  0.000000e+00
 6:           Q4_2018  0.39228594  0.41018885  1.790292e-02
 7:        COVID_2020 -0.11987619 -0.11633645  3.539742e-03
 8:      Bear_2021_22  0.57089198  0.67916351  1.082715e-01
 9:         Rate_2023  0.08213860  0.08445408  2.315480e-03
10:          Aug_2024  0.44711242  0.44810777  9.953550e-04
11:        DD_2026-02  0.02237201 -0.01815151 -4.052351e-02

[CANDIDATE IC episodes]
              episode    strat_cum   bench_cum      active
               <char>        <num>       <num>       <num>
 1:        DD_2005-03  0.136252801  0.15076488 -0.01451208
 2:  GFC_2008_2007-12 -0.004229531  0.03093531 -0.03516484
 3:  GFC_2008_2009-01  0.046082387 -0.28611911  0.33220150
 4:         Euro_2011  0.466604802  0.03258365  0.43402115
 5: China_Oil_2015_16  0.864895076 -0.02497354  0.88986861
 6:           Q4_2018  0.239579467 -0.17060939  0.41018885
 7:        COVID_2020 -0.077600209  0.03873624 -0.11633645
 8:      Bear_2021_22  0.449203092 -0.22996042  0.67916351
 9:         Rate_2023  0.112379576  0.02792549  0.08445408
10:          Aug_2024  0.349812379 -0.09829539  0.44810777
11:        DD_2026-02  0.291437633  0.30958914 -0.01815151

[saved] c5_regime_marginal.json + c5_regime_monthly_paired.csv + c5_regime_full.rds
