Warning message:
package 'arrow' was built under R version 4.5.3 
[config.R] PROJECT_ROOT: C:/Users/99922/OneDrive/Quant_Module_Moltbot
[factor_db_connector] Loaded. Functions: load_month_factors(), compute_rolling_ic_all(),
  group_factors_by_family(), align_factor_direction()
[align_factor_direction] PIT-safe: sig_date=2004-01-01 | min_months=12
[align_factor_direction] loaded-factor direction: IC-inferred=9 / registry-fallback=0 / default-fallback=0 (n_factors=9)
[align_factor_direction] PIT-safe: sig_date=2004-02-01 | min_months=12
[align_factor_direction] loaded-factor direction: IC-inferred=9 / registry-fallback=0 / default-fallback=0 (n_factors=9)
[align_factor_direction] PIT-safe: sig_date=2004-03-01 | min_months=12
[align_factor_direction] loaded-factor direction: IC-inferred=9 / registry-fallback=0 / default-fallback=0 (n_factors=9)
[align_factor_direction] PIT-safe: sig_date=2004-04-01 | min_months=12
[align_factor_direction] loaded-factor direction: IC-inferred=9 / registry-fallback=0 / default-fallback=0 (n_factors=9)
[align_factor_direction] PIT-safe: sig_date=2004-05-01 | min_months=12
[align_factor_direction] loaded-factor direction: IC-inferred=9 / registry-fallback=0 / default-fallback=0 (n_factors=9)
[align_factor_direction] PIT-safe: sig_date=2004-06-01 | min_months=12
[align_factor_direction] loaded-factor direction: IC-inferred=9 / registry-fallback=0 / default-fallback=0 (n_factors=9)
[align_factor_direction] PIT-safe: sig_date=2004-07-01 | min_months=12
[align_factor_direction] loaded-factor direction: IC-inferred=9 / registry-fallback=0 / default-fallback=0 (n_factors=9)
[align_factor_direction] PIT-safe: sig_date=2004-08-01 | min_months=12
[align_factor_direction] loaded-factor direction: IC-inferred=9 / registry-fallback=0 / default-fallback=0 (n_factors=9)
[align_factor_direction] PIT-safe: sig_date=2004-09-01 | min_months=12
[align_factor_direction] loaded-factor direction: IC-inferred=9 / registry-fallback=0 / default-fallback=0 (n_factors=9)
[align_factor_direction] PIT-safe: sig_date=2004-10-01 | min_months=12
[align_factor_direction] loaded-factor direction: IC-inferred=9 / registry-fallback=0 / default-fallback=0 (n_factors=9)
[align_factor_direction] PIT-safe: sig_date=2004-11-01 | min_months=12
[align_factor_direction] loaded-factor direction: IC-inferred=9 / registry-fallback=0 / default-fallback=0 (n_factors=9)
[align_factor_direction] PIT-safe: sig_date=2004-12-01 | min_months=12
[align_factor_direction] loaded-factor direction: IC-inferred=9 / registry-fallback=0 / default-fallback=0 (n_factors=9)
[align_factor_direction] PIT-safe: sig_date=2005-01-01 | min_months=12
[align_factor_direction] loaded-factor direction: IC-inferred=9 / registry-fallback=0 / default-fallback=0 (n_factors=9)
[align_factor_direction] PIT-safe: sig_date=2005-02-01 | min_months=12
[align_factor_direction] loaded-factor direction: IC-inferred=9 / registry-fallback=0 / default-fallback=0 (n_factors=9)
[align_factor_direction] PIT-safe: sig_date=2005-03-01 | min_months=12
[align_factor_direction] loaded-factor direction: IC-inferred=9 / registry-fallback=0 / default-fallback=0 (n_factors=9)
[align_factor_direction] PIT-safe: sig_date=2005-04-01 | min_months=12
[align_factor_direction] loaded-factor direction: IC-inferred=9 / registry-fallback=0 / default-fallback=0 (n_factors=9)
[align_factor_direction] PIT-safe: sig_date=2005-05-01 | min_months=12
[align_factor_direction] loaded-factor direction: IC-inferred=9 / registry-fallback=0 / default-fallback=0 (n_factors=9)
[align_factor_direction] PIT-safe: sig_date=2005-06-01 | min_months=12
[align_factor_direction] loaded-factor direction: IC-inferred=9 / registry-fallback=0 / default-fallback=0 (n_factors=9)
[align_factor_direction] PIT-safe: sig_date=2005-07-01 | min_months=12
[align_factor_direction] loaded-factor direction: IC-inferred=9 / registry-fallback=0 / default-fallback=0 (n_factors=9)
[align_factor_direction] PIT-safe: sig_date=2005-08-01 | min_months=12
[align_factor_direction] loaded-factor direction: IC-inferred=9 / registry-fallback=0 / default-fallback=0 (n_factors=9)
[align_factor_direction] PIT-safe: sig_date=2005-09-01 | min_months=12
[align_factor_direction] loaded-factor direction: IC-inferred=9 / registry-fallback=0 / default-fallback=0 (n_factors=9)
[align_factor_direction] PIT-safe: sig_date=2005-10-01 | min_months=12
[align_factor_direction] loaded-factor direction: IC-inferred=9 / registry-fallback=0 / default-fallback=0 (n_factors=9)
[align_factor_direction] PIT-safe: sig_date=2005-11-01 | min_months=12
[align_factor_direction] loaded-factor direction: IC-inferred=9 / registry-fallback=0 / default-fallback=0 (n_factors=9)
[align_factor_direction] PIT-safe: sig_date=2005-12-01 | min_months=12
[align_factor_direction] loaded-factor direction: IC-inferred=9 / registry-fallback=0 / default-fallback=0 (n_factors=9)
[align_factor_direction] PIT-safe: sig_date=2006-01-01 | min_months=12
[align_factor_direction] loaded-factor direction: IC-inferred=9 / registry-fallback=0 / default-fallback=0 (n_factors=9)
[align_factor_direction] PIT-safe: sig_date=2006-02-01 | min_months=12
[align_factor_direction] loaded-factor direction: IC-inferred=9 / registry-fallback=0 / default-fallback=0 (n_factors=9)
[align_factor_direction] PIT-safe: sig_date=2006-03-01 | min_months=12
[align_factor_direction] loaded-factor direction: IC-inferred=9 / registry-fallback=0 / default-fallback=0 (n_factors=9)
[align_factor_direction] PIT-safe: sig_date=2006-04-01 | min_months=12
[align_factor_direction] loaded-factor direction: IC-inferred=9 / registry-fallback=0 / default-fallback=0 (n_factors=9)
[align_factor_direction] PIT-safe: sig_date=2006-05-01 | min_months=12
[align_factor_direction] loaded-factor direction: IC-inferred=9 / registry-fallback=0 / default-fallback=0 (n_factors=9)
[align_factor_direction] PIT-safe: sig_date=2006-06-01 | min_months=12
[align_factor_direction] loaded-factor direction: IC-inferred=9 / registry-fallback=0 / default-fallback=0 (n_factors=9)
[align_factor_direction] PIT-safe: sig_date=2006-07-01 | min_months=12
[align_factor_direction] loaded-factor direction: IC-inferred=9 / registry-fallback=0 / default-fallback=0 (n_factors=9)
[align_factor_direction] PIT-safe: sig_date=2006-08-01 | min_months=12
[align_factor_direction] loaded-factor direction: IC-inferred=9 / registry-fallback=0 / default-fallback=0 (n_factors=9)
[align_factor_direction] PIT-safe: sig_date=2006-09-01 | min_months=12
[align_factor_direction] loaded-factor direction: IC-inferred=9 / registry-fallback=0 / default-fallback=0 (n_factors=9)
[align_factor_direction] PIT-safe: sig_date=2006-10-01 | min_months=12
[align_factor_direction] loaded-factor direction: IC-inferred=9 / registry-fallback=0 / default-fallback=0 (n_factors=9)
[align_factor_direction] PIT-safe: sig_date=2006-11-01 | min_months=12
[align_factor_direction] loaded-factor direction: IC-inferred=9 / registry-fallback=0 / default-fallback=0 (n_factors=9)
[align_factor_direction] PIT-safe: sig_date=2006-12-01 | min_months=12
[align_factor_direction] loaded-factor direction: IC-inferred=9 / registry-fallback=0 / default-fallback=0 (n_factors=9)
[align_factor_direction] PIT-safe: sig_date=2007-01-01 | min_months=12
[align_factor_direction] loaded-factor direction: IC-inferred=9 / registry-fallback=0 / default-fallback=0 (n_factors=9)
[align_factor_direction] PIT-safe: sig_date=2007-02-01 | min_months=12
[align_factor_direction] loaded-factor direction: IC-inferred=9 / registry-fallback=0 / default-fallback=0 (n_factors=9)
[align_factor_direction] PIT-safe: sig_date=2007-03-01 | min_months=12
[align_factor_direction] loaded-factor direction: IC-inferred=9 / registry-fallback=0 / default-fallback=0 (n_factors=9)
[align_factor_direction] PIT-safe: sig_date=2007-04-01 | min_months=12
[align_factor_direction] loaded-factor direction: IC-inferred=9 / registry-fallback=0 / default-fallback=0 (n_factors=9)
[panel] 40/271 2007-04-01 rows=1630
[align_factor_direction] PIT-safe: sig_date=2007-05-01 | min_months=12
[align_factor_direction] loaded-factor direction: IC-inferred=9 / registry-fallback=0 / default-fallback=0 (n_factors=9)
[align_factor_direction] PIT-safe: sig_date=2007-06-01 | min_months=12
[align_factor_direction] loaded-factor direction: IC-inferred=9 / registry-fallback=0 / default-fallback=0 (n_factors=9)
[align_factor_direction] PIT-safe: sig_date=2007-07-01 | min_months=12
[align_factor_direction] loaded-factor direction: IC-inferred=8 / registry-fallback=0 / default-fallback=0 (n_factors=8)
[align_factor_direction] PIT-safe: sig_date=2007-08-01 | min_months=12
[align_factor_direction] loaded-factor direction: IC-inferred=9 / registry-fallback=0 / default-fallback=0 (n_factors=9)
[align_factor_direction] PIT-safe: sig_date=2007-09-01 | min_months=12
[align_factor_direction] loaded-factor direction: IC-inferred=9 / registry-fallback=0 / default-fallback=0 (n_factors=9)
[align_factor_direction] PIT-safe: sig_date=2007-10-01 | min_months=12
[align_factor_direction] loaded-factor direction: IC-inferred=9 / registry-fallback=0 / default-fallback=0 (n_factors=9)
[align_factor_direction] PIT-safe: sig_date=2007-11-01 | min_months=12
[align_factor_direction] loaded-factor direction: IC-inferred=9 / registry-fallback=0 / default-fallback=0 (n_factors=9)
[align_factor_direction] PIT-safe: sig_date=2007-12-01 | min_months=12
[align_factor_direction] loaded-factor direction: IC-inferred=9 / registry-fallback=0 / default-fallback=0 (n_factors=9)
[align_factor_direction] PIT-safe: sig_date=2008-01-01 | min_months=12
[align_factor_direction] loaded-factor direction: IC-inferred=9 / registry-fallback=0 / default-fallback=0 (n_factors=9)
[align_factor_direction] PIT-safe: sig_date=2008-02-01 | min_months=12
[align_factor_direction] loaded-factor direction: IC-inferred=9 / registry-fallback=0 / default-fallback=0 (n_factors=9)
[align_factor_direction] PIT-safe: sig_date=2008-03-01 | min_months=12
[align_factor_direction] loaded-factor direction: IC-inferred=9 / registry-fallback=0 / default-fallback=0 (n_factors=9)
[align_factor_direction] PIT-safe: sig_date=2008-04-01 | min_months=12
[align_factor_direction] loaded-factor direction: IC-inferred=9 / registry-fallback=0 / default-fallback=0 (n_factors=9)
[align_factor_direction] PIT-safe: sig_date=2008-05-01 | min_months=12
[align_factor_direction] loaded-factor direction: IC-inferred=9 / registry-fallback=0 / default-fallback=0 (n_factors=9)
[align_factor_direction] PIT-safe: sig_date=2008-06-01 | min_months=12
[align_factor_direction] loaded-factor direction: IC-inferred=9 / registry-fallback=0 / default-fallback=0 (n_factors=9)
[align_factor_direction] PIT-safe: sig_date=2008-07-01 | min_months=12
[align_factor_direction] loaded-factor direction: IC-inferred=9 / registry-fallback=0 / default-fallback=0 (n_factors=9)
[align_factor_direction] PIT-safe: sig_date=2008-08-01 | min_months=12
[align_factor_direction] loaded-factor direction: IC-inferred=9 / registry-fallback=0 / default-fallback=0 (n_factors=9)
[align_factor_direction] PIT-safe: sig_date=2008-09-01 | min_months=12
[align_factor_direction] loaded-factor direction: IC-inferred=9 / registry-fallback=0 / default-fallback=0 (n_factors=9)
[align_factor_direction] PIT-safe: sig_date=2008-10-01 | min_months=12
[align_factor_direction] loaded-factor direction: IC-inferred=9 / registry-fallback=0 / default-fallback=0 (n_factors=9)
[align_factor_direction] PIT-safe: sig_date=2008-11-01 | min_months=12
[align_factor_direction] loaded-factor direction: IC-inferred=9 / registry-fallback=0 / default-fallback=0 (n_factors=9)
[align_factor_direction] PIT-safe: sig_date=2008-12-01 | min_months=12
[align_factor_direction] loaded-factor direction: IC-inferred=9 / registry-fallback=0 / default-fallback=0 (n_factors=9)
[align_factor_direction] PIT-safe: sig_date=2009-01-01 | min_months=12
[align_factor_direction] loaded-factor direction: IC-inferred=9 / registry-fallback=0 / default-fallback=0 (n_factors=9)
[align_factor_direction] PIT-safe: sig_date=2009-02-01 | min_months=12
[align_factor_direction] loaded-factor direction: IC-inferred=9 / registry-fallback=0 / default-fallback=0 (n_factors=9)
[align_factor_direction] PIT-safe: sig_date=2009-03-01 | min_months=12
[align_factor_direction] loaded-factor direction: IC-inferred=9 / registry-fallback=0 / default-fallback=0 (n_factors=9)
[align_factor_direction] PIT-safe: sig_date=2009-04-01 | min_months=12
[align_factor_direction] loaded-factor direction: IC-inferred=9 / registry-fallback=0 / default-fallback=0 (n_factors=9)
[align_factor_direction] PIT-safe: sig_date=2009-05-01 | min_months=12
[align_factor_direction] loaded-factor direction: IC-inferred=9 / registry-fallback=0 / default-fallback=0 (n_factors=9)
[align_factor_direction] PIT-safe: sig_date=2009-06-01 | min_months=12
[align_factor_direction] loaded-factor direction: IC-inferred=9 / registry-fallback=0 / default-fallback=0 (n_factors=9)
[align_factor_direction] PIT-safe: sig_date=2009-07-01 | min_months=12
[align_factor_direction] loaded-factor direction: IC-inferred=9 / registry-fallback=0 / default-fallback=0 (n_factors=9)
[align_factor_direction] PIT-safe: sig_date=2009-08-01 | min_months=12
[align_factor_direction] loaded-factor direction: IC-inferred=9 / registry-fallback=0 / default-fallback=0 (n_factors=9)
[align_factor_direction] PIT-safe: sig_date=2009-09-01 | min_months=12
[align_factor_direction] loaded-factor direction: IC-inferred=9 / registry-fallback=0 / default-fallback=0 (n_factors=9)
[align_factor_direction] PIT-safe: sig_date=2009-10-01 | min_months=12
[align_factor_direction] loaded-factor direction: IC-inferred=9 / registry-fallback=0 / default-fallback=0 (n_factors=9)
[align_factor_direction] PIT-safe: sig_date=2009-11-01 | min_months=12
[align_factor_direction] loaded-factor direction: IC-inferred=9 / registry-fallback=0 / default-fallback=0 (n_factors=9)
[align_factor_direction] PIT-safe: sig_date=2009-12-01 | min_months=12
[align_factor_direction] loaded-factor direction: IC-inferred=9 / registry-fallback=0 / default-fallback=0 (n_factors=9)
[align_factor_direction] PIT-safe: sig_date=2010-01-01 | min_months=12
[align_factor_direction] loaded-factor direction: IC-inferred=9 / registry-fallback=0 / default-fallback=0 (n_factors=9)
[align_factor_direction] PIT-safe: sig_date=2010-02-01 | min_months=12
[align_factor_direction] loaded-factor direction: IC-inferred=9 / registry-fallback=0 / default-fallback=0 (n_factors=9)
[align_factor_direction] PIT-safe: sig_date=2010-03-01 | min_months=12
[align_factor_direction] loaded-factor direction: IC-inferred=9 / registry-fallback=0 / default-fallback=0 (n_factors=9)
[align_factor_direction] PIT-safe: sig_date=2010-04-01 | min_months=12
[align_factor_direction] loaded-factor direction: IC-inferred=9 / registry-fallback=0 / default-fallback=0 (n_factors=9)
[align_factor_direction] PIT-safe: sig_date=2010-05-01 | min_months=12
[align_factor_direction] loaded-factor direction: IC-inferred=9 / registry-fallback=0 / default-fallback=0 (n_factors=9)
[align_factor_direction] PIT-safe: sig_date=2010-06-01 | min_months=12
[align_factor_direction] loaded-factor direction: IC-inferred=9 / registry-fallback=0 / default-fallback=0 (n_factors=9)
[align_factor_direction] PIT-safe: sig_date=2010-07-01 | min_months=12
[align_factor_direction] loaded-factor direction: IC-inferred=9 / registry-fallback=0 / default-fallback=0 (n_factors=9)
[align_factor_direction] PIT-safe: sig_date=2010-08-01 | min_months=12
[align_factor_direction] loaded-factor direction: IC-inferred=9 / registry-fallback=0 / default-fallback=0 (n_factors=9)
[panel] 80/271 2010-08-01 rows=2609
[align_factor_direction] PIT-safe: sig_date=2010-09-01 | min_months=12
[align_factor_direction] loaded-factor direction: IC-inferred=9 / registry-fallback=0 / default-fallback=0 (n_factors=9)
[align_factor_direction] PIT-safe: sig_date=2010-10-01 | min_months=12
[align_factor_direction] loaded-factor direction: IC-inferred=9 / registry-fallback=0 / default-fallback=0 (n_factors=9)
[align_factor_direction] PIT-safe: sig_date=2010-11-01 | min_months=12
[align_factor_direction] loaded-factor direction: IC-inferred=9 / registry-fallback=0 / default-fallback=0 (n_factors=9)
[align_factor_direction] PIT-safe: sig_date=2010-12-01 | min_months=12
[align_factor_direction] loaded-factor direction: IC-inferred=9 / registry-fallback=0 / default-fallback=0 (n_factors=9)
[align_factor_direction] PIT-safe: sig_date=2011-01-01 | min_months=12
[align_factor_direction] loaded-factor direction: IC-inferred=9 / registry-fallback=0 / default-fallback=0 (n_factors=9)
[align_factor_direction] PIT-safe: sig_date=2011-02-01 | min_months=12
[align_factor_direction] loaded-factor direction: IC-inferred=9 / registry-fallback=0 / default-fallback=0 (n_factors=9)
[align_factor_direction] PIT-safe: sig_date=2011-03-01 | min_months=12
[align_factor_direction] loaded-factor direction: IC-inferred=9 / registry-fallback=0 / default-fallback=0 (n_factors=9)
[align_factor_direction] PIT-safe: sig_date=2011-04-01 | min_months=12
[align_factor_direction] loaded-factor direction: IC-inferred=9 / registry-fallback=0 / default-fallback=0 (n_factors=9)
[align_factor_direction] PIT-safe: sig_date=2011-05-01 | min_months=12
[align_factor_direction] loaded-factor direction: IC-inferred=9 / registry-fallback=0 / default-fallback=0 (n_factors=9)
[align_factor_direction] PIT-safe: sig_date=2011-06-01 | min_months=12
[align_factor_direction] loaded-factor direction: IC-inferred=9 / registry-fallback=0 / default-fallback=0 (n_factors=9)
[align_factor_direction] PIT-safe: sig_date=2011-07-01 | min_months=12
[align_factor_direction] loaded-factor direction: IC-inferred=9 / registry-fallback=0 / default-fallback=0 (n_factors=9)
[align_factor_direction] PIT-safe: sig_date=2011-08-01 | min_months=12
[align_factor_direction] loaded-factor direction: IC-inferred=9 / registry-fallback=0 / default-fallback=0 (n_factors=9)
[align_factor_direction] PIT-safe: sig_date=2011-09-01 | min_months=12
[align_factor_direction] loaded-factor direction: IC-inferred=9 / registry-fallback=0 / default-fallback=0 (n_factors=9)
[align_factor_direction] PIT-safe: sig_date=2011-10-01 | min_months=12
[align_factor_direction] loaded-factor direction: IC-inferred=9 / registry-fallback=0 / default-fallback=0 (n_factors=9)
[align_factor_direction] PIT-safe: sig_date=2011-11-01 | min_months=12
[align_factor_direction] loaded-factor direction: IC-inferred=9 / registry-fallback=0 / default-fallback=0 (n_factors=9)
[align_factor_direction] PIT-safe: sig_date=2011-12-01 | min_months=12
[align_factor_direction] loaded-factor direction: IC-inferred=9 / registry-fallback=0 / default-fallback=0 (n_factors=9)
[align_factor_direction] PIT-safe: sig_date=2012-01-01 | min_months=12
[align_factor_direction] loaded-factor direction: IC-inferred=9 / registry-fallback=0 / default-fallback=0 (n_factors=9)
[align_factor_direction] PIT-safe: sig_date=2012-02-01 | min_months=12
[align_factor_direction] loaded-factor direction: IC-inferred=9 / registry-fallback=0 / default-fallback=0 (n_factors=9)
[align_factor_direction] PIT-safe: sig_date=2012-03-01 | min_months=12
[align_factor_direction] loaded-factor direction: IC-inferred=9 / registry-fallback=0 / default-fallback=0 (n_factors=9)
[align_factor_direction] PIT-safe: sig_date=2012-04-01 | min_months=12
[align_factor_direction] loaded-factor direction: IC-inferred=9 / registry-fallback=0 / default-fallback=0 (n_factors=9)
[align_factor_direction] PIT-safe: sig_date=2012-05-01 | min_months=12
[align_factor_direction] loaded-factor direction: IC-inferred=9 / registry-fallback=0 / default-fallback=0 (n_factors=9)
[align_factor_direction] PIT-safe: sig_date=2012-06-01 | min_months=12
[align_factor_direction] loaded-factor direction: IC-inferred=9 / registry-fallback=0 / default-fallback=0 (n_factors=9)
[align_factor_direction] PIT-safe: sig_date=2012-07-01 | min_months=12
[align_factor_direction] loaded-factor direction: IC-inferred=9 / registry-fallback=0 / default-fallback=0 (n_factors=9)
[align_factor_direction] PIT-safe: sig_date=2012-08-01 | min_months=12
[align_factor_direction] loaded-factor direction: IC-inferred=9 / registry-fallback=0 / default-fallback=0 (n_factors=9)
[align_factor_direction] PIT-safe: sig_date=2012-09-01 | min_months=12
[align_factor_direction] loaded-factor direction: IC-inferred=9 / registry-fallback=0 / default-fallback=0 (n_factors=9)
[align_factor_direction] PIT-safe: sig_date=2012-10-01 | min_months=12
[align_factor_direction] loaded-factor direction: IC-inferred=9 / registry-fallback=0 / default-fallback=0 (n_factors=9)
[align_factor_direction] PIT-safe: sig_date=2012-11-01 | min_months=12
[align_factor_direction] loaded-factor direction: IC-inferred=9 / registry-fallback=0 / default-fallback=0 (n_factors=9)
[align_factor_direction] PIT-safe: sig_date=2012-12-01 | min_months=12
[align_factor_direction] loaded-factor direction: IC-inferred=9 / registry-fallback=0 / default-fallback=0 (n_factors=9)
[align_factor_direction] PIT-safe: sig_date=2013-01-01 | min_months=12
[align_factor_direction] loaded-factor direction: IC-inferred=9 / registry-fallback=0 / default-fallback=0 (n_factors=9)
[align_factor_direction] PIT-safe: sig_date=2013-02-01 | min_months=12
[align_factor_direction] loaded-factor direction: IC-inferred=9 / registry-fallback=0 / default-fallback=0 (n_factors=9)
[align_factor_direction] PIT-safe: sig_date=2013-03-01 | min_months=12
[align_factor_direction] loaded-factor direction: IC-inferred=9 / registry-fallback=0 / default-fallback=0 (n_factors=9)
[align_factor_direction] PIT-safe: sig_date=2013-04-01 | min_months=12
[align_factor_direction] loaded-factor direction: IC-inferred=9 / registry-fallback=0 / default-fallback=0 (n_factors=9)
[align_factor_direction] PIT-safe: sig_date=2013-05-01 | min_months=12
[align_factor_direction] loaded-factor direction: IC-inferred=9 / registry-fallback=0 / default-fallback=0 (n_factors=9)
[align_factor_direction] PIT-safe: sig_date=2013-06-01 | min_months=12
[align_factor_direction] loaded-factor direction: IC-inferred=9 / registry-fallback=0 / default-fallback=0 (n_factors=9)
[align_factor_direction] PIT-safe: sig_date=2013-07-01 | min_months=12
[align_factor_direction] loaded-factor direction: IC-inferred=9 / registry-fallback=0 / default-fallback=0 (n_factors=9)
[align_factor_direction] PIT-safe: sig_date=2013-08-01 | min_months=12
[align_factor_direction] loaded-factor direction: IC-inferred=9 / registry-fallback=0 / default-fallback=0 (n_factors=9)
[align_factor_direction] PIT-safe: sig_date=2013-09-01 | min_months=12
[align_factor_direction] loaded-factor direction: IC-inferred=9 / registry-fallback=0 / default-fallback=0 (n_factors=9)
[align_factor_direction] PIT-safe: sig_date=2013-10-01 | min_months=12
[align_factor_direction] loaded-factor direction: IC-inferred=9 / registry-fallback=0 / default-fallback=0 (n_factors=9)
[align_factor_direction] PIT-safe: sig_date=2013-11-01 | min_months=12
[align_factor_direction] loaded-factor direction: IC-inferred=9 / registry-fallback=0 / default-fallback=0 (n_factors=9)
[align_factor_direction] PIT-safe: sig_date=2013-12-01 | min_months=12
[align_factor_direction] loaded-factor direction: IC-inferred=9 / registry-fallback=0 / default-fallback=0 (n_factors=9)
[panel] 120/271 2013-12-01 rows=2978
[align_factor_direction] PIT-safe: sig_date=2014-01-01 | min_months=12
[align_factor_direction] loaded-factor direction: IC-inferred=9 / registry-fallback=0 / default-fallback=0 (n_factors=9)
[align_factor_direction] PIT-safe: sig_date=2014-02-01 | min_months=12
[align_factor_direction] loaded-factor direction: IC-inferred=9 / registry-fallback=0 / default-fallback=0 (n_factors=9)
[align_factor_direction] PIT-safe: sig_date=2014-03-01 | min_months=12
[align_factor_direction] loaded-factor direction: IC-inferred=9 / registry-fallback=0 / default-fallback=0 (n_factors=9)
[align_factor_direction] PIT-safe: sig_date=2014-04-01 | min_months=12
[align_factor_direction] loaded-factor direction: IC-inferred=9 / registry-fallback=0 / default-fallback=0 (n_factors=9)
[align_factor_direction] PIT-safe: sig_date=2014-05-01 | min_months=12
[align_factor_direction] loaded-factor direction: IC-inferred=9 / registry-fallback=0 / default-fallback=0 (n_factors=9)
[align_factor_direction] PIT-safe: sig_date=2014-06-01 | min_months=12
[align_factor_direction] loaded-factor direction: IC-inferred=9 / registry-fallback=0 / default-fallback=0 (n_factors=9)
[align_factor_direction] PIT-safe: sig_date=2014-07-01 | min_months=12
[align_factor_direction] loaded-factor direction: IC-inferred=9 / registry-fallback=0 / default-fallback=0 (n_factors=9)
[align_factor_direction] PIT-safe: sig_date=2014-08-01 | min_months=12
[align_factor_direction] loaded-factor direction: IC-inferred=9 / registry-fallback=0 / default-fallback=0 (n_factors=9)
[align_factor_direction] PIT-safe: sig_date=2014-09-01 | min_months=12
[align_factor_direction] loaded-factor direction: IC-inferred=9 / registry-fallback=0 / default-fallback=0 (n_factors=9)
[align_factor_direction] PIT-safe: sig_date=2014-10-01 | min_months=12
[align_factor_direction] loaded-factor direction: IC-inferred=9 / registry-fallback=0 / default-fallback=0 (n_factors=9)
[align_factor_direction] PIT-safe: sig_date=2014-11-01 | min_months=12
[align_factor_direction] loaded-factor direction: IC-inferred=9 / registry-fallback=0 / default-fallback=0 (n_factors=9)
[align_factor_direction] PIT-safe: sig_date=2014-12-01 | min_months=12
[align_factor_direction] loaded-factor direction: IC-inferred=9 / registry-fallback=0 / default-fallback=0 (n_factors=9)
[align_factor_direction] PIT-safe: sig_date=2015-01-01 | min_months=12
[align_factor_direction] loaded-factor direction: IC-inferred=9 / registry-fallback=0 / default-fallback=0 (n_factors=9)
[align_factor_direction] PIT-safe: sig_date=2015-02-01 | min_months=12
[align_factor_direction] loaded-factor direction: IC-inferred=9 / registry-fallback=0 / default-fallback=0 (n_factors=9)
[align_factor_direction] PIT-safe: sig_date=2015-03-01 | min_months=12
[align_factor_direction] loaded-factor direction: IC-inferred=9 / registry-fallback=0 / default-fallback=0 (n_factors=9)
[align_factor_direction] PIT-safe: sig_date=2015-04-01 | min_months=12
[align_factor_direction] loaded-factor direction: IC-inferred=9 / registry-fallback=0 / default-fallback=0 (n_factors=9)
[align_factor_direction] PIT-safe: sig_date=2015-05-01 | min_months=12
[align_factor_direction] loaded-factor direction: IC-inferred=9 / registry-fallback=0 / default-fallback=0 (n_factors=9)
[align_factor_direction] PIT-safe: sig_date=2015-06-01 | min_months=12
[align_factor_direction] loaded-factor direction: IC-inferred=9 / registry-fallback=0 / default-fallback=0 (n_factors=9)
[align_factor_direction] PIT-safe: sig_date=2015-07-01 | min_months=12
[align_factor_direction] loaded-factor direction: IC-inferred=9 / registry-fallback=0 / default-fallback=0 (n_factors=9)
[align_factor_direction] PIT-safe: sig_date=2015-08-01 | min_months=12
[align_factor_direction] loaded-factor direction: IC-inferred=9 / registry-fallback=0 / default-fallback=0 (n_factors=9)
[align_factor_direction] PIT-safe: sig_date=2015-09-01 | min_months=12
[align_factor_direction] loaded-factor direction: IC-inferred=9 / registry-fallback=0 / default-fallback=0 (n_factors=9)
[align_factor_direction] PIT-safe: sig_date=2015-10-01 | min_months=12
[align_factor_direction] loaded-factor direction: IC-inferred=9 / registry-fallback=0 / default-fallback=0 (n_factors=9)
[align_factor_direction] PIT-safe: sig_date=2015-11-01 | min_months=12
[align_factor_direction] loaded-factor direction: IC-inferred=9 / registry-fallback=0 / default-fallback=0 (n_factors=9)
[align_factor_direction] PIT-safe: sig_date=2015-12-01 | min_months=12
[align_factor_direction] loaded-factor direction: IC-inferred=9 / registry-fallback=0 / default-fallback=0 (n_factors=9)
[align_factor_direction] PIT-safe: sig_date=2016-01-01 | min_months=12
[align_factor_direction] loaded-factor direction: IC-inferred=9 / registry-fallback=0 / default-fallback=0 (n_factors=9)
[align_factor_direction] PIT-safe: sig_date=2016-02-01 | min_months=12
[align_factor_direction] loaded-factor direction: IC-inferred=9 / registry-fallback=0 / default-fallback=0 (n_factors=9)
[align_factor_direction] PIT-safe: sig_date=2016-03-01 | min_months=12
[align_factor_direction] loaded-factor direction: IC-inferred=9 / registry-fallback=0 / default-fallback=0 (n_factors=9)
[align_factor_direction] PIT-safe: sig_date=2016-04-01 | min_months=12
[align_factor_direction] loaded-factor direction: IC-inferred=9 / registry-fallback=0 / default-fallback=0 (n_factors=9)
[align_factor_direction] PIT-safe: sig_date=2016-05-01 | min_months=12
[align_factor_direction] loaded-factor direction: IC-inferred=9 / registry-fallback=0 / default-fallback=0 (n_factors=9)
[align_factor_direction] PIT-safe: sig_date=2016-06-01 | min_months=12
[align_factor_direction] loaded-factor direction: IC-inferred=9 / registry-fallback=0 / default-fallback=0 (n_factors=9)
[align_factor_direction] PIT-safe: sig_date=2016-07-01 | min_months=12
[align_factor_direction] loaded-factor direction: IC-inferred=9 / registry-fallback=0 / default-fallback=0 (n_factors=9)
[align_factor_direction] PIT-safe: sig_date=2016-08-01 | min_months=12
[align_factor_direction] loaded-factor direction: IC-inferred=9 / registry-fallback=0 / default-fallback=0 (n_factors=9)
[align_factor_direction] PIT-safe: sig_date=2016-09-01 | min_months=12
[align_factor_direction] loaded-factor direction: IC-inferred=9 / registry-fallback=0 / default-fallback=0 (n_factors=9)
[align_factor_direction] PIT-safe: sig_date=2016-10-01 | min_months=12
[align_factor_direction] loaded-factor direction: IC-inferred=9 / registry-fallback=0 / default-fallback=0 (n_factors=9)
[align_factor_direction] PIT-safe: sig_date=2016-11-01 | min_months=12
[align_factor_direction] loaded-factor direction: IC-inferred=9 / registry-fallback=0 / default-fallback=0 (n_factors=9)
[align_factor_direction] PIT-safe: sig_date=2016-12-01 | min_months=12
[align_factor_direction] loaded-factor direction: IC-inferred=9 / registry-fallback=0 / default-fallback=0 (n_factors=9)
[align_factor_direction] PIT-safe: sig_date=2017-01-01 | min_months=12
[align_factor_direction] loaded-factor direction: IC-inferred=8 / registry-fallback=0 / default-fallback=0 (n_factors=8)
[align_factor_direction] PIT-safe: sig_date=2017-02-01 | min_months=12
[align_factor_direction] loaded-factor direction: IC-inferred=8 / registry-fallback=0 / default-fallback=0 (n_factors=8)
[align_factor_direction] PIT-safe: sig_date=2017-03-01 | min_months=12
[align_factor_direction] loaded-factor direction: IC-inferred=8 / registry-fallback=0 / default-fallback=0 (n_factors=8)
[align_factor_direction] PIT-safe: sig_date=2017-04-01 | min_months=12
[align_factor_direction] loaded-factor direction: IC-inferred=8 / registry-fallback=0 / default-fallback=0 (n_factors=8)
[panel] 160/271 2017-04-01 rows=2763
[align_factor_direction] PIT-safe: sig_date=2017-05-01 | min_months=12
[align_factor_direction] loaded-factor direction: IC-inferred=8 / registry-fallback=0 / default-fallback=0 (n_factors=8)
[align_factor_direction] PIT-safe: sig_date=2017-06-01 | min_months=12
[align_factor_direction] loaded-factor direction: IC-inferred=8 / registry-fallback=0 / default-fallback=0 (n_factors=8)
[align_factor_direction] PIT-safe: sig_date=2017-07-01 | min_months=12
[align_factor_direction] loaded-factor direction: IC-inferred=8 / registry-fallback=0 / default-fallback=0 (n_factors=8)
[align_factor_direction] PIT-safe: sig_date=2017-08-01 | min_months=12
[align_factor_direction] loaded-factor direction: IC-inferred=8 / registry-fallback=0 / default-fallback=0 (n_factors=8)
[align_factor_direction] PIT-safe: sig_date=2017-09-01 | min_months=12
[align_factor_direction] loaded-factor direction: IC-inferred=8 / registry-fallback=0 / default-fallback=0 (n_factors=8)
[align_factor_direction] PIT-safe: sig_date=2017-10-01 | min_months=12
[align_factor_direction] loaded-factor direction: IC-inferred=8 / registry-fallback=0 / default-fallback=0 (n_factors=8)
[align_factor_direction] PIT-safe: sig_date=2017-11-01 | min_months=12
[align_factor_direction] loaded-factor direction: IC-inferred=8 / registry-fallback=0 / default-fallback=0 (n_factors=8)
[align_factor_direction] PIT-safe: sig_date=2017-12-01 | min_months=12
[align_factor_direction] loaded-factor direction: IC-inferred=8 / registry-fallback=0 / default-fallback=0 (n_factors=8)
[align_factor_direction] PIT-safe: sig_date=2018-01-01 | min_months=12
[align_factor_direction] loaded-factor direction: IC-inferred=8 / registry-fallback=0 / default-fallback=0 (n_factors=8)
[align_factor_direction] PIT-safe: sig_date=2018-02-01 | min_months=12
[align_factor_direction] loaded-factor direction: IC-inferred=9 / registry-fallback=0 / default-fallback=0 (n_factors=9)
[align_factor_direction] PIT-safe: sig_date=2018-03-01 | min_months=12
[align_factor_direction] loaded-factor direction: IC-inferred=9 / registry-fallback=0 / default-fallback=0 (n_factors=9)
[align_factor_direction] PIT-safe: sig_date=2018-04-01 | min_months=12
[align_factor_direction] loaded-factor direction: IC-inferred=9 / registry-fallback=0 / default-fallback=0 (n_factors=9)
[align_factor_direction] PIT-safe: sig_date=2018-05-01 | min_months=12
[align_factor_direction] loaded-factor direction: IC-inferred=9 / registry-fallback=0 / default-fallback=0 (n_factors=9)
[align_factor_direction] PIT-safe: sig_date=2018-06-01 | min_months=12
[align_factor_direction] loaded-factor direction: IC-inferred=9 / registry-fallback=0 / default-fallback=0 (n_factors=9)
[align_factor_direction] PIT-safe: sig_date=2018-07-01 | min_months=12
[align_factor_direction] loaded-factor direction: IC-inferred=9 / registry-fallback=0 / default-fallback=0 (n_factors=9)
[align_factor_direction] PIT-safe: sig_date=2018-08-01 | min_months=12
[align_factor_direction] loaded-factor direction: IC-inferred=9 / registry-fallback=0 / default-fallback=0 (n_factors=9)
[align_factor_direction] PIT-safe: sig_date=2018-09-01 | min_months=12
[align_factor_direction] loaded-factor direction: IC-inferred=9 / registry-fallback=0 / default-fallback=0 (n_factors=9)
[align_factor_direction] PIT-safe: sig_date=2018-10-01 | min_months=12
[align_factor_direction] loaded-factor direction: IC-inferred=9 / registry-fallback=0 / default-fallback=0 (n_factors=9)
[align_factor_direction] PIT-safe: sig_date=2018-11-01 | min_months=12
[align_factor_direction] loaded-factor direction: IC-inferred=9 / registry-fallback=0 / default-fallback=0 (n_factors=9)
[align_factor_direction] PIT-safe: sig_date=2018-12-01 | min_months=12
[align_factor_direction] loaded-factor direction: IC-inferred=9 / registry-fallback=0 / default-fallback=0 (n_factors=9)
[align_factor_direction] PIT-safe: sig_date=2019-01-01 | min_months=12
[align_factor_direction] loaded-factor direction: IC-inferred=9 / registry-fallback=0 / default-fallback=0 (n_factors=9)
[align_factor_direction] PIT-safe: sig_date=2019-02-01 | min_months=12
[align_factor_direction] loaded-factor direction: IC-inferred=9 / registry-fallback=0 / default-fallback=0 (n_factors=9)
[align_factor_direction] PIT-safe: sig_date=2019-03-01 | min_months=12
[align_factor_direction] loaded-factor direction: IC-inferred=9 / registry-fallback=0 / default-fallback=0 (n_factors=9)
[align_factor_direction] PIT-safe: sig_date=2019-04-01 | min_months=12
[align_factor_direction] loaded-factor direction: IC-inferred=9 / registry-fallback=0 / default-fallback=0 (n_factors=9)
[align_factor_direction] PIT-safe: sig_date=2019-05-01 | min_months=12
[align_factor_direction] loaded-factor direction: IC-inferred=9 / registry-fallback=0 / default-fallback=0 (n_factors=9)
[align_factor_direction] PIT-safe: sig_date=2019-06-01 | min_months=12
[align_factor_direction] loaded-factor direction: IC-inferred=9 / registry-fallback=0 / default-fallback=0 (n_factors=9)
[align_factor_direction] PIT-safe: sig_date=2019-07-01 | min_months=12
[align_factor_direction] loaded-factor direction: IC-inferred=9 / registry-fallback=0 / default-fallback=0 (n_factors=9)
[align_factor_direction] PIT-safe: sig_date=2019-08-01 | min_months=12
[align_factor_direction] loaded-factor direction: IC-inferred=9 / registry-fallback=0 / default-fallback=0 (n_factors=9)
[align_factor_direction] PIT-safe: sig_date=2019-09-01 | min_months=12
[align_factor_direction] loaded-factor direction: IC-inferred=9 / registry-fallback=0 / default-fallback=0 (n_factors=9)
[align_factor_direction] PIT-safe: sig_date=2019-10-01 | min_months=12
[align_factor_direction] loaded-factor direction: IC-inferred=9 / registry-fallback=0 / default-fallback=0 (n_factors=9)
[align_factor_direction] PIT-safe: sig_date=2019-11-01 | min_months=12
[align_factor_direction] loaded-factor direction: IC-inferred=9 / registry-fallback=0 / default-fallback=0 (n_factors=9)
[align_factor_direction] PIT-safe: sig_date=2019-12-01 | min_months=12
[align_factor_direction] loaded-factor direction: IC-inferred=9 / registry-fallback=0 / default-fallback=0 (n_factors=9)
[align_factor_direction] PIT-safe: sig_date=2020-01-01 | min_months=12
[align_factor_direction] loaded-factor direction: IC-inferred=9 / registry-fallback=0 / default-fallback=0 (n_factors=9)
[align_factor_direction] PIT-safe: sig_date=2020-02-01 | min_months=12
[align_factor_direction] loaded-factor direction: IC-inferred=9 / registry-fallback=0 / default-fallback=0 (n_factors=9)
[align_factor_direction] PIT-safe: sig_date=2020-03-01 | min_months=12
[align_factor_direction] loaded-factor direction: IC-inferred=9 / registry-fallback=0 / default-fallback=0 (n_factors=9)
[align_factor_direction] PIT-safe: sig_date=2020-04-01 | min_months=12
[align_factor_direction] loaded-factor direction: IC-inferred=9 / registry-fallback=0 / default-fallback=0 (n_factors=9)
[align_factor_direction] PIT-safe: sig_date=2020-05-01 | min_months=12
[align_factor_direction] loaded-factor direction: IC-inferred=9 / registry-fallback=0 / default-fallback=0 (n_factors=9)
[align_factor_direction] PIT-safe: sig_date=2020-06-01 | min_months=12
[align_factor_direction] loaded-factor direction: IC-inferred=9 / registry-fallback=0 / default-fallback=0 (n_factors=9)
[align_factor_direction] PIT-safe: sig_date=2020-07-01 | min_months=12
[align_factor_direction] loaded-factor direction: IC-inferred=9 / registry-fallback=0 / default-fallback=0 (n_factors=9)
[align_factor_direction] PIT-safe: sig_date=2020-08-01 | min_months=12
[align_factor_direction] loaded-factor direction: IC-inferred=9 / registry-fallback=0 / default-fallback=0 (n_factors=9)
[panel] 200/271 2020-08-01 rows=3112
[align_factor_direction] PIT-safe: sig_date=2020-09-01 | min_months=12
[align_factor_direction] loaded-factor direction: IC-inferred=9 / registry-fallback=0 / default-fallback=0 (n_factors=9)
[align_factor_direction] PIT-safe: sig_date=2020-10-01 | min_months=12
[align_factor_direction] loaded-factor direction: IC-inferred=9 / registry-fallback=0 / default-fallback=0 (n_factors=9)
[align_factor_direction] PIT-safe: sig_date=2020-11-01 | min_months=12
[align_factor_direction] loaded-factor direction: IC-inferred=9 / registry-fallback=0 / default-fallback=0 (n_factors=9)
[align_factor_direction] PIT-safe: sig_date=2020-12-01 | min_months=12
[align_factor_direction] loaded-factor direction: IC-inferred=9 / registry-fallback=0 / default-fallback=0 (n_factors=9)
[align_factor_direction] PIT-safe: sig_date=2021-01-01 | min_months=12
[align_factor_direction] loaded-factor direction: IC-inferred=9 / registry-fallback=0 / default-fallback=0 (n_factors=9)
[align_factor_direction] PIT-safe: sig_date=2021-02-01 | min_months=12
[align_factor_direction] loaded-factor direction: IC-inferred=9 / registry-fallback=0 / default-fallback=0 (n_factors=9)
[align_factor_direction] PIT-safe: sig_date=2021-03-01 | min_months=12
[align_factor_direction] loaded-factor direction: IC-inferred=9 / registry-fallback=0 / default-fallback=0 (n_factors=9)
[align_factor_direction] PIT-safe: sig_date=2021-04-01 | min_months=12
[align_factor_direction] loaded-factor direction: IC-inferred=9 / registry-fallback=0 / default-fallback=0 (n_factors=9)
[align_factor_direction] PIT-safe: sig_date=2021-05-01 | min_months=12
[align_factor_direction] loaded-factor direction: IC-inferred=9 / registry-fallback=0 / default-fallback=0 (n_factors=9)
[align_factor_direction] PIT-safe: sig_date=2021-06-01 | min_months=12
[align_factor_direction] loaded-factor direction: IC-inferred=9 / registry-fallback=0 / default-fallback=0 (n_factors=9)
[align_factor_direction] PIT-safe: sig_date=2021-07-01 | min_months=12
[align_factor_direction] loaded-factor direction: IC-inferred=9 / registry-fallback=0 / default-fallback=0 (n_factors=9)
[align_factor_direction] PIT-safe: sig_date=2021-08-01 | min_months=12
[align_factor_direction] loaded-factor direction: IC-inferred=9 / registry-fallback=0 / default-fallback=0 (n_factors=9)
[align_factor_direction] PIT-safe: sig_date=2021-09-01 | min_months=12
[align_factor_direction] loaded-factor direction: IC-inferred=9 / registry-fallback=0 / default-fallback=0 (n_factors=9)
[align_factor_direction] PIT-safe: sig_date=2021-10-01 | min_months=12
[align_factor_direction] loaded-factor direction: IC-inferred=9 / registry-fallback=0 / default-fallback=0 (n_factors=9)
[align_factor_direction] PIT-safe: sig_date=2021-11-01 | min_months=12
[align_factor_direction] loaded-factor direction: IC-inferred=9 / registry-fallback=0 / default-fallback=0 (n_factors=9)
[align_factor_direction] PIT-safe: sig_date=2021-12-01 | min_months=12
[align_factor_direction] loaded-factor direction: IC-inferred=9 / registry-fallback=0 / default-fallback=0 (n_factors=9)
[align_factor_direction] PIT-safe: sig_date=2022-01-01 | min_months=12
[align_factor_direction] loaded-factor direction: IC-inferred=9 / registry-fallback=0 / default-fallback=0 (n_factors=9)
[align_factor_direction] PIT-safe: sig_date=2022-02-01 | min_months=12
[align_factor_direction] loaded-factor direction: IC-inferred=9 / registry-fallback=0 / default-fallback=0 (n_factors=9)
[align_factor_direction] PIT-safe: sig_date=2022-03-01 | min_months=12
[align_factor_direction] loaded-factor direction: IC-inferred=9 / registry-fallback=0 / default-fallback=0 (n_factors=9)
[align_factor_direction] PIT-safe: sig_date=2022-04-01 | min_months=12
[align_factor_direction] loaded-factor direction: IC-inferred=9 / registry-fallback=0 / default-fallback=0 (n_factors=9)
[align_factor_direction] PIT-safe: sig_date=2022-05-01 | min_months=12
[align_factor_direction] loaded-factor direction: IC-inferred=9 / registry-fallback=0 / default-fallback=0 (n_factors=9)
[align_factor_direction] PIT-safe: sig_date=2022-06-01 | min_months=12
[align_factor_direction] loaded-factor direction: IC-inferred=9 / registry-fallback=0 / default-fallback=0 (n_factors=9)
[align_factor_direction] PIT-safe: sig_date=2022-07-01 | min_months=12
[align_factor_direction] loaded-factor direction: IC-inferred=9 / registry-fallback=0 / default-fallback=0 (n_factors=9)
[align_factor_direction] PIT-safe: sig_date=2022-08-01 | min_months=12
[align_factor_direction] loaded-factor direction: IC-inferred=9 / registry-fallback=0 / default-fallback=0 (n_factors=9)
[align_factor_direction] PIT-safe: sig_date=2022-09-01 | min_months=12
[align_factor_direction] loaded-factor direction: IC-inferred=9 / registry-fallback=0 / default-fallback=0 (n_factors=9)
[align_factor_direction] PIT-safe: sig_date=2022-10-01 | min_months=12
[align_factor_direction] loaded-factor direction: IC-inferred=9 / registry-fallback=0 / default-fallback=0 (n_factors=9)
[align_factor_direction] PIT-safe: sig_date=2022-11-01 | min_months=12
[align_factor_direction] loaded-factor direction: IC-inferred=9 / registry-fallback=0 / default-fallback=0 (n_factors=9)
[align_factor_direction] PIT-safe: sig_date=2022-12-01 | min_months=12
[align_factor_direction] loaded-factor direction: IC-inferred=9 / registry-fallback=0 / default-fallback=0 (n_factors=9)
[align_factor_direction] PIT-safe: sig_date=2023-01-01 | min_months=12
[align_factor_direction] loaded-factor direction: IC-inferred=9 / registry-fallback=0 / default-fallback=0 (n_factors=9)
[align_factor_direction] PIT-safe: sig_date=2023-02-01 | min_months=12
[align_factor_direction] loaded-factor direction: IC-inferred=9 / registry-fallback=0 / default-fallback=0 (n_factors=9)
[align_factor_direction] PIT-safe: sig_date=2023-03-01 | min_months=12
[align_factor_direction] loaded-factor direction: IC-inferred=9 / registry-fallback=0 / default-fallback=0 (n_factors=9)
[align_factor_direction] PIT-safe: sig_date=2023-04-01 | min_months=12
[align_factor_direction] loaded-factor direction: IC-inferred=9 / registry-fallback=0 / default-fallback=0 (n_factors=9)
[align_factor_direction] PIT-safe: sig_date=2023-05-01 | min_months=12
[align_factor_direction] loaded-factor direction: IC-inferred=9 / registry-fallback=0 / default-fallback=0 (n_factors=9)
[align_factor_direction] PIT-safe: sig_date=2023-06-01 | min_months=12
[align_factor_direction] loaded-factor direction: IC-inferred=9 / registry-fallback=0 / default-fallback=0 (n_factors=9)
[align_factor_direction] PIT-safe: sig_date=2023-07-01 | min_months=12
[align_factor_direction] loaded-factor direction: IC-inferred=9 / registry-fallback=0 / default-fallback=0 (n_factors=9)
[align_factor_direction] PIT-safe: sig_date=2023-08-01 | min_months=12
[align_factor_direction] loaded-factor direction: IC-inferred=9 / registry-fallback=0 / default-fallback=0 (n_factors=9)
[align_factor_direction] PIT-safe: sig_date=2023-09-01 | min_months=12
[align_factor_direction] loaded-factor direction: IC-inferred=9 / registry-fallback=0 / default-fallback=0 (n_factors=9)
[align_factor_direction] PIT-safe: sig_date=2023-10-01 | min_months=12
[align_factor_direction] loaded-factor direction: IC-inferred=9 / registry-fallback=0 / default-fallback=0 (n_factors=9)
[align_factor_direction] PIT-safe: sig_date=2023-11-01 | min_months=12
[align_factor_direction] loaded-factor direction: IC-inferred=9 / registry-fallback=0 / default-fallback=0 (n_factors=9)
[align_factor_direction] PIT-safe: sig_date=2023-12-01 | min_months=12
[align_factor_direction] loaded-factor direction: IC-inferred=9 / registry-fallback=0 / default-fallback=0 (n_factors=9)
[panel] 240/271 2023-12-01 rows=3091
[align_factor_direction] PIT-safe: sig_date=2024-01-01 | min_months=12
[align_factor_direction] loaded-factor direction: IC-inferred=9 / registry-fallback=0 / default-fallback=0 (n_factors=9)
[align_factor_direction] PIT-safe: sig_date=2024-02-01 | min_months=12
[align_factor_direction] loaded-factor direction: IC-inferred=9 / registry-fallback=0 / default-fallback=0 (n_factors=9)
[align_factor_direction] PIT-safe: sig_date=2024-03-01 | min_months=12
[align_factor_direction] loaded-factor direction: IC-inferred=9 / registry-fallback=0 / default-fallback=0 (n_factors=9)
[align_factor_direction] PIT-safe: sig_date=2024-04-01 | min_months=12
[align_factor_direction] loaded-factor direction: IC-inferred=9 / registry-fallback=0 / default-fallback=0 (n_factors=9)
[align_factor_direction] PIT-safe: sig_date=2024-05-01 | min_months=12
[align_factor_direction] loaded-factor direction: IC-inferred=9 / registry-fallback=0 / default-fallback=0 (n_factors=9)
[align_factor_direction] PIT-safe: sig_date=2024-06-01 | min_months=12
[align_factor_direction] loaded-factor direction: IC-inferred=9 / registry-fallback=0 / default-fallback=0 (n_factors=9)
[align_factor_direction] PIT-safe: sig_date=2024-07-01 | min_months=12
[align_factor_direction] loaded-factor direction: IC-inferred=9 / registry-fallback=0 / default-fallback=0 (n_factors=9)
[align_factor_direction] PIT-safe: sig_date=2024-08-01 | min_months=12
[align_factor_direction] loaded-factor direction: IC-inferred=9 / registry-fallback=0 / default-fallback=0 (n_factors=9)
[align_factor_direction] PIT-safe: sig_date=2024-09-01 | min_months=12
[align_factor_direction] loaded-factor direction: IC-inferred=9 / registry-fallback=0 / default-fallback=0 (n_factors=9)
[align_factor_direction] PIT-safe: sig_date=2024-10-01 | min_months=12
[align_factor_direction] loaded-factor direction: IC-inferred=9 / registry-fallback=0 / default-fallback=0 (n_factors=9)
[align_factor_direction] PIT-safe: sig_date=2024-11-01 | min_months=12
[align_factor_direction] loaded-factor direction: IC-inferred=9 / registry-fallback=0 / default-fallback=0 (n_factors=9)
[align_factor_direction] PIT-safe: sig_date=2024-12-01 | min_months=12
[align_factor_direction] loaded-factor direction: IC-inferred=9 / registry-fallback=0 / default-fallback=0 (n_factors=9)
[align_factor_direction] PIT-safe: sig_date=2025-01-01 | min_months=12
[align_factor_direction] loaded-factor direction: IC-inferred=9 / registry-fallback=0 / default-fallback=0 (n_factors=9)
[align_factor_direction] PIT-safe: sig_date=2025-02-01 | min_months=12
[align_factor_direction] loaded-factor direction: IC-inferred=9 / registry-fallback=0 / default-fallback=0 (n_factors=9)
[align_factor_direction] PIT-safe: sig_date=2025-03-01 | min_months=12
[align_factor_direction] loaded-factor direction: IC-inferred=9 / registry-fallback=0 / default-fallback=0 (n_factors=9)
[align_factor_direction] PIT-safe: sig_date=2025-04-01 | min_months=12
[align_factor_direction] loaded-factor direction: IC-inferred=9 / registry-fallback=0 / default-fallback=0 (n_factors=9)
[align_factor_direction] PIT-safe: sig_date=2025-05-01 | min_months=12
[align_factor_direction] loaded-factor direction: IC-inferred=9 / registry-fallback=0 / default-fallback=0 (n_factors=9)
[align_factor_direction] PIT-safe: sig_date=2025-06-01 | min_months=12
[align_factor_direction] loaded-factor direction: IC-inferred=9 / registry-fallback=0 / default-fallback=0 (n_factors=9)
[align_factor_direction] PIT-safe: sig_date=2025-07-01 | min_months=12
[align_factor_direction] loaded-factor direction: IC-inferred=9 / registry-fallback=0 / default-fallback=0 (n_factors=9)
[align_factor_direction] PIT-safe: sig_date=2025-08-01 | min_months=12
[align_factor_direction] loaded-factor direction: IC-inferred=9 / registry-fallback=0 / default-fallback=0 (n_factors=9)
[align_factor_direction] PIT-safe: sig_date=2025-09-01 | min_months=12
[align_factor_direction] loaded-factor direction: IC-inferred=9 / registry-fallback=0 / default-fallback=0 (n_factors=9)
[align_factor_direction] PIT-safe: sig_date=2025-10-01 | min_months=12
[align_factor_direction] loaded-factor direction: IC-inferred=9 / registry-fallback=0 / default-fallback=0 (n_factors=9)
[align_factor_direction] PIT-safe: sig_date=2025-11-01 | min_months=12
[align_factor_direction] loaded-factor direction: IC-inferred=9 / registry-fallback=0 / default-fallback=0 (n_factors=9)
[align_factor_direction] PIT-safe: sig_date=2025-12-01 | min_months=12
[align_factor_direction] loaded-factor direction: IC-inferred=9 / registry-fallback=0 / default-fallback=0 (n_factors=9)
[align_factor_direction] PIT-safe: sig_date=2026-01-01 | min_months=12
[align_factor_direction] loaded-factor direction: IC-inferred=9 / registry-fallback=0 / default-fallback=0 (n_factors=9)
[align_factor_direction] PIT-safe: sig_date=2026-02-01 | min_months=12
[align_factor_direction] loaded-factor direction: IC-inferred=9 / registry-fallback=0 / default-fallback=0 (n_factors=9)
[align_factor_direction] PIT-safe: sig_date=2026-03-01 | min_months=12
[align_factor_direction] loaded-factor direction: IC-inferred=9 / registry-fallback=0 / default-fallback=0 (n_factors=9)
[align_factor_direction] PIT-safe: sig_date=2026-04-01 | min_months=12
[align_factor_direction] loaded-factor direction: IC-inferred=9 / registry-fallback=0 / default-fallback=0 (n_factors=9)
[align_factor_direction] PIT-safe: sig_date=2026-05-01 | min_months=12
[align_factor_direction] loaded-factor direction: IC-inferred=9 / registry-fallback=0 / default-fallback=0 (n_factors=9)
[align_factor_direction] PIT-safe: sig_date=2026-06-01 | min_months=12
[align_factor_direction] loaded-factor direction: IC-inferred=9 / registry-fallback=0 / default-fallback=0 (n_factors=9)
[align_factor_direction] PIT-safe: sig_date=2026-07-01 | min_months=12
[align_factor_direction] loaded-factor direction: IC-inferred=9 / registry-fallback=0 / default-fallback=0 (n_factors=9)

[panel] total rows=715122 | sig_dates=271 | factors=D28_Unlevered_Beta,D45_Downside_Dev,D48_VaR_5pct,D56_Up_Vol,M08_Residual_Mom,Q01_GPA,Q07_Earnings_Stability,Q25_Ohlson_O,RE07_Crisis_Beta
              Factor_Name n_months n_rows
                   <char>    <int>  <int>
1:     D28_Unlevered_Beta      271  80271
2:       D45_Downside_Dev      271  80682
3:           D48_VaR_5pct      271  80682
4:             D56_Up_Vol      271  80828
5:       M08_Residual_Mom      271  80104
6:                Q01_GPA      271  79447
7: Q07_Earnings_Stability      271  77320
8:           Q25_Ohlson_O      271  79834
9:       RE07_Crisis_Beta      257  75954
[panel] saved -> C:/Users/99922/OneDrive/Quant_Module_Moltbot/stage_artifacts/pg2_defense_optimize/defense_factor_panel.parquet
