Warning message:
package 'arrow' was built under R version 4.5.3 
[config.R] PROJECT_ROOT: C:/Users/99922/OneDrive/Quant_Module_Moltbot
[factor_db_connector] Loaded. Functions: load_month_factors(), compute_rolling_ic_all(),
  group_factors_by_family(), align_factor_direction()
[align_factor_direction] PIT-safe: sig_date=2008-01-01 | min_months=12
[align_factor_direction] loaded-factor direction: IC-inferred=3 / registry-fallback=0 / default-fallback=0 (n_factors=3)
[2008-01-01] maxdiff=2.893082 cor=0.37573 n_recon=182 n_stored=182
[align_factor_direction] PIT-safe: sig_date=2012-06-01 | min_months=12
[align_factor_direction] loaded-factor direction: IC-inferred=3 / registry-fallback=0 / default-fallback=0 (n_factors=3)
[2012-06-01] maxdiff=0.376211 cor=0.99599 n_recon=303 n_stored=303
[align_factor_direction] PIT-safe: sig_date=2018-03-01 | min_months=12
[align_factor_direction] loaded-factor direction: IC-inferred=3 / registry-fallback=0 / default-fallback=0 (n_factors=3)
[2018-03-01] maxdiff=0.553440 cor=0.99438 n_recon=326 n_stored=326
[align_factor_direction] PIT-safe: sig_date=2022-09-01 | min_months=12
[align_factor_direction] loaded-factor direction: IC-inferred=3 / registry-fallback=0 / default-fallback=0 (n_factors=3)
[2022-09-01] maxdiff=0.652763 cor=0.98943 n_recon=320 n_stored=320
[align_factor_direction] PIT-safe: sig_date=2026-05-01 | min_months=12
[align_factor_direction] loaded-factor direction: IC-inferred=2 / registry-fallback=0 / default-fallback=0 (n_factors=2)
[2026-05-01] maxdiff=3.065591 cor=0.60840 n_recon=327 n_stored=348
[align_factor_direction] PIT-safe: sig_date=2026-06-01 | min_months=12
[align_factor_direction] loaded-factor direction: IC-inferred=3 / registry-fallback=0 / default-fallback=0 (n_factors=3)
[2026-06-01] maxdiff=1.926261 cor=0.87491 n_recon=327 n_stored=348
