Warning message:
package 'arrow' was built under R version 4.5.3 
[config.R] PROJECT_ROOT: C:/Users/99922/OneDrive/Quant_Module_Moltbot
[factor_db_connector] Loaded. Functions: load_month_factors(), compute_rolling_ic_all(),
  group_factors_by_family(), align_factor_direction()
[align_factor_direction] PIT-safe: sig_date=2008-01-01 | min_months=12
[align_factor_direction] loaded-factor direction: IC-inferred=3 / registry-fallback=0 / default-fallback=0 (n_factors=3)

=== 2008-01-01 ===
  cor(stored, aligned Q07_Earnings_Stability)=+0.308 | flipped-frac=0.00
  cor(stored, aligned M08_Residual_Mom)=+0.829 | flipped-frac=0.00
  cor(stored, aligned Q25_Ohlson_O)=-0.440 | flipped-frac=0.00
[align_factor_direction] PIT-safe: sig_date=2018-03-01 | min_months=12
[align_factor_direction] loaded-factor direction: IC-inferred=3 / registry-fallback=0 / default-fallback=0 (n_factors=3)

=== 2018-03-01 ===
  cor(stored, aligned Q07_Earnings_Stability)=+0.265 | flipped-frac=0.00
  cor(stored, aligned M08_Residual_Mom)=+0.853 | flipped-frac=0.00
  cor(stored, aligned Q25_Ohlson_O)=+0.583 | flipped-frac=0.00
[align_factor_direction] PIT-safe: sig_date=2022-09-01 | min_months=12
[align_factor_direction] loaded-factor direction: IC-inferred=3 / registry-fallback=0 / default-fallback=0 (n_factors=3)

=== 2022-09-01 ===
  cor(stored, aligned Q07_Earnings_Stability)=+0.335 | flipped-frac=0.00
  cor(stored, aligned M08_Residual_Mom)=+0.867 | flipped-frac=0.00
  cor(stored, aligned Q25_Ohlson_O)=+0.447 | flipped-frac=0.00
