Warning message:
package 'arrow' was built under R version 4.5.3 
[strategy_tilt_weights.R] Loaded — linear_tilt_qd / linear_tilt_to_penalty_qd / normalize_long_only (STR_1715 production verbatim)
[backtest_result_contract.R] Loaded — Backtest Result Contract v1.0
  Functions: build_bt_result() / validate_bt_result()
  10 components: manifest, strategy_spec, nav, period_returns, holdings, benchmark_returns, metrics, benchmark_compare, rolling_metrics, drawdowns, audit
[eval_defense.R] Loaded — eval_defense(defense_spec, regime_map=NULL, label=)

=== eval_defense(CURRENT defense EW) ===
Warning message:
In table.Drawdowns(ret_xts, top = 100) : Only 33 available in the data.

[GATE i]  def_z vs stored: max|diff|=4.160491 cor=0.84867 n=77065 (need <1e-4)
       yr   maxdiff       cor     n
    <num>     <num>     <num> <int>
 1:  2004 2.7684400 0.5746254  1881
 2:  2005 3.4216023 0.3636577  2125
 3:  2006 3.3281312 0.2605134  2106
 4:  2007 3.2096931 0.3199806  2213
 5:  2008 3.1173980 0.7009629  2182
 6:  2009 0.6131691 0.9940578  2241
 7:  2010 4.1604911 0.8993245  3346
 8:  2011 0.5597538 0.9948605  3657
 9:  2012 0.4980670 0.9953030  3751
10:  2013 3.1876152 0.8783161  3902
11:  2014 2.9501622 0.6535073  3984
12:  2015 3.3451404 0.5469257  4043
13:  2016 3.5860623 0.7875589  4061
14:  2017 0.6210886 0.9948794  4000
15:  2018 0.7618512 0.9921695  3925
16:  2019 0.7914523 0.9912716  3934
17:  2020 0.6455258 0.9924958  4017
18:  2021 0.7150345 0.9889710  3919
19:  2022 0.8743671 0.9876867  3861
20:  2023 0.7594308 0.9878121  3835
21:  2024 0.7894156 0.9910822  3854
22:  2025 3.0408066 0.9317749  3972
23:  2026 3.0419434 0.8626335  2256
       yr   maxdiff       cor     n

[GATE ii] score_eff vs stored: max|diff|=1.456172 cor=0.97017 n=62420

[GATE iii] book metrics:
   metric    got target    diff   tol   pass
   <char>  <num>  <num>   <num> <num> <lgcl>
1:     SR 1.8196  1.898 -0.0784 0.030  FALSE
2:    MDD 0.2340  0.233  0.0010 0.005   TRUE
3: PORT_t 5.4658  6.210 -0.7442 0.150  FALSE
4:     IR 1.2421  1.416 -0.1739 0.030  FALSE

[BOOK] SR=1.8196 MDD=0.2340 calmar=1.8021 CAGR=0.4217 PORT_t=5.4658 IR=1.2421 oos_ret=0.4410 n=269
 
[BOOK] SR=1.8196 MDD=0.2340 calmar=1.8021 CAGR=0.4217 PORT_t=5.4658 IR=1.2421 oos_ret=0.4590 n=269
 
[BOOK] SR=1.8196 MDD=0.2340 calmar=1.8021 CAGR=0.4217 PORT_t=5.4658 IR=1.2421 oos_ret=0.4510 n=269

[ENGINE] recon base_gross vs 5-panel ret_orig: max|diff|=0.23796 cor=0.94568 n=269

[PARITY_PASS] = FALSE
[saved] parity_result.rds
